-- Configuring done (0.7s)
-- Generating done (0.2s)
-- Build files have been written to: C:/Users/saull/vitis/lesson10/platform1/ps7_cortexa9_0/standalone_ps7_cortexa9_0/bsp/libsrc/build_configs/gen_bsp
[INFO]: Building BSP
[1/110] Building C object libsrc/standalone/src/CMakeFiles/xilstandalone.dir/common/xil_assert.c.obj
[2/110] Building C object libsrc/standalone/src/CMakeFiles/xilstandalone.dir/common/print.c.obj
[3/110] Building C object libsrc/standalone/src/CMakeFiles/xilstandalone.dir/common/xil_mem.c.obj
[4/110] Building C object libsrc/standalone/src/CMakeFiles/xilstandalone.dir/common/xil_testmem.c.obj
[5/110] Building C object libsrc/standalone/src/CMakeFiles/xilstandalone.dir/common/xil_testio.c.obj
[6/110] Building C object libsrc/standalone/src/CMakeFiles/xilstandalone.dir/common/outbyte.c.obj
[7/110] Building C object libsrc/standalone/src/CMakeFiles/xilstandalone.dir/common/xil_testcache.c.obj
[8/110] Building C object libsrc/standalone/src/CMakeFiles/xilstandalone.dir/xcortexa9_g.c.obj
[9/110] Building C object libsrc/standalone/src/CMakeFiles/xilstandalone.dir/common/inbyte.c.obj
[10/110] Building C object libsrc/standalone/src/CMakeFiles/xilstandalone.dir/common/xpm_init.c.obj
[11/110] Building C object libsrc/standalone/src/CMakeFiles/xilstandalone.dir/common/xplatform_info.c.obj
[12/110] Building C object libsrc/standalone/src/CMakeFiles/xilstandalone.dir/common/xil_printf.c.obj
[13/110] Building C object libsrc/standalone/src/CMakeFiles/xilstandalone.dir/common/xil_util.c.obj
[14/110] Building C object libsrc/standalone/src/CMakeFiles/xilstandalone.dir/arm/common/gcc/cpputest_time.c.obj
[15/110] Building C object libsrc/standalone/src/CMakeFiles/xilstandalone.dir/arm/common/gcc/sbrk.c.obj
[16/110] Building C object libsrc/standalone/src/CMakeFiles/xilstandalone.dir/arm/common/gcc/read.c.obj
[17/110] Building C object libsrc/standalone/src/CMakeFiles/xilstandalone.dir/common/xil_sutil.c.obj
[18/110] Building C object libsrc/standalone/src/CMakeFiles/xilstandalone.dir/arm/common/gcc/_sbrk.c.obj
[19/110] Building C object libsrc/standalone/src/CMakeFiles/xilstandalone.dir/arm/common/gcc/isatty.c.obj
[20/110] Building C object libsrc/standalone/src/CMakeFiles/xilstandalone.dir/arm/common/gcc/unlink.c.obj
[21/110] Building C object libsrc/standalone/src/CMakeFiles/xilstandalone.dir/common/intr/xinterrupt_wrap.c.obj
[22/110] Building C object libsrc/standalone/src/CMakeFiles/xilstandalone.dir/arm/common/gcc/getpid.c.obj
[23/110] Building C object libsrc/standalone/src/CMakeFiles/xilstandalone.dir/arm/common/gcc/_exit.c.obj
[24/110] Building C object libsrc/standalone/src/CMakeFiles/xilstandalone.dir/arm/common/gcc/write.c.obj
[25/110] Building C object libsrc/standalone/src/CMakeFiles/xilstandalone.dir/arm/common/gcc/errno.c.obj
[26/110] Building C object libsrc/standalone/src/CMakeFiles/xilstandalone.dir/arm/common/gcc/lseek.c.obj
[27/110] Building C object libsrc/standalone/src/CMakeFiles/xilstandalone.dir/arm/common/gcc/close.c.obj
[28/110] Building C object libsrc/standalone/src/CMakeFiles/xilstandalone.dir/arm/common/gcc/time.c.obj
[29/110] Building C object libsrc/standalone/src/CMakeFiles/xilstandalone.dir/arm/common/gcc/abort.c.obj
[30/110] Building C object libsrc/standalone/src/CMakeFiles/xilstandalone.dir/arm/common/gcc/fstat.c.obj
[31/110] Building C object libsrc/standalone/src/CMakeFiles/xilstandalone.dir/arm/common/gcc/fcntl.c.obj
[32/110] Building C object libsrc/standalone/src/CMakeFiles/xilstandalone.dir/arm/common/gcc/_open.c.obj
[33/110] Building C object libsrc/standalone/src/CMakeFiles/xilstandalone.dir/arm/common/gcc/getentropy.c.obj
[34/110] Building C object libsrc/standalone/src/CMakeFiles/xilstandalone.dir/arm/common/xil_spinlock.c.obj
[35/110] Building C object libsrc/standalone/src/CMakeFiles/xilstandalone.dir/arm/common/gcc/gettimeofday.c.obj
[36/110] Building C object libsrc/standalone/src/CMakeFiles/xilstandalone.dir/arm/common/gcc/kill.c.obj
[37/110] Building ASM object libsrc/standalone/src/CMakeFiles/xilstandalone.dir/arm/cortexa9/gcc/asm_vectors.S.obj
[38/110] Building C object libsrc/standalone/src/CMakeFiles/xilstandalone.dir/arm/common/vectors.c.obj
[39/110] Building C object libsrc/standalone/src/CMakeFiles/xilstandalone.dir/arm/common/xil_exception.c.obj
[40/110] Building C object libsrc/standalone/src/CMakeFiles/xilstandalone.dir/arm/common/gcc/open.c.obj
[41/110] Building C object libsrc/standalone/src/CMakeFiles/xilstandalone.dir/arm/common/putnum.c.obj
[42/110] Building ASM object libsrc/standalone/src/CMakeFiles/xilstandalone.dir/arm/cortexa9/gcc/cpu_init.S.obj
[43/110] Building ASM object libsrc/standalone/src/CMakeFiles/xilstandalone.dir/arm/cortexa9/gcc/translation_table.S.obj
[44/110] Building C object libsrc/standalone/src/CMakeFiles/xilstandalone.dir/arm/common/xpm_counter.c.obj
[45/110] Building C object libsrc/coresightps_dcc/src/CMakeFiles/coresightps_dcc.dir/xcoresightpsdcc.c.obj
[46/110] Building ASM object libsrc/standalone/src/CMakeFiles/xilstandalone.dir/arm/cortexa9/gcc/xil-crt0.S.obj
[47/110] Building C object libsrc/standalone/src/CMakeFiles/xilstandalone.dir/arm/cortexa9/xl2cc_counter.c.obj
[48/110] Building C object libsrc/devcfg/src/CMakeFiles/devcfg.dir/xdevcfg_g.c.obj
[49/110] Building ASM object libsrc/standalone/src/CMakeFiles/xilstandalone.dir/arm/cortexa9/gcc/boot.S.obj
[50/110] Building C object libsrc/standalone/src/CMakeFiles/xilstandalone.dir/arm/cortexa9/xil_misc_psreset_api.c.obj
[51/110] Building C object libsrc/devcfg/src/CMakeFiles/devcfg.dir/xdevcfg_hw.c.obj
[52/110] Building C object libsrc/standalone/src/CMakeFiles/xilstandalone.dir/arm/cortexa9/xil_mmu.c.obj
[53/110] Building C object libsrc/devcfg/src/CMakeFiles/devcfg.dir/xdevcfg_intr.c.obj
[54/110] Building C object libsrc/devcfg/src/CMakeFiles/devcfg.dir/xdevcfg.c.obj
[55/110] Building C object libsrc/devcfg/src/CMakeFiles/devcfg.dir/xdevcfg_selftest.c.obj
[56/110] Building C object libsrc/standalone/src/CMakeFiles/xilstandalone.dir/arm/cortexa9/xil_cache.c.obj
[57/110] Building C object libsrc/dmaps/src/CMakeFiles/dmaps.dir/xdmaps_g.c.obj
[58/110] Building C object libsrc/devcfg/src/CMakeFiles/devcfg.dir/xdevcfg_sinit.c.obj
[59/110] Building C object libsrc/dmaps/src/CMakeFiles/dmaps.dir/xdmaps_sinit.c.obj
C:/Users/saull/vitis/lesson10/platform1/ps7_cortexa9_0/standalone_ps7_cortexa9_0/bsp/libsrc/dmaps/src/xdmaps_sinit.c: In function 'XDmaPs_GetDrvIndex':
C:/Users/saull/vitis/lesson10/platform1/ps7_cortexa9_0/standalone_ps7_cortexa9_0/bsp/libsrc/dmaps/src/xdmaps_sinit.c:101:32: warning: unused parameter 'InstancePtr' [-Wunused-parameter]
  101 | u32 XDmaPs_GetDrvIndex(XDmaPs *InstancePtr, UINTPTR BaseAddress)
      |                        ~~~~~~~~^~~~~~~~~~~
[60/110] Building C object libsrc/dmaps/src/CMakeFiles/dmaps.dir/xdmaps_hw.c.obj
[61/110] Building C object libsrc/dmaps/src/CMakeFiles/dmaps.dir/xdmaps_selftest.c.obj
[62/110] Building C object libsrc/gpio/src/CMakeFiles/gpio.dir/xgpio_g.c.obj
[63/110] Building C object libsrc/gpio/src/CMakeFiles/gpio.dir/xgpio_selftest.c.obj
[64/110] Building C object libsrc/scugic/src/CMakeFiles/scugic.dir/xscugic_g.c.obj
[65/110] Building C object libsrc/gpio/src/CMakeFiles/gpio.dir/xgpio_sinit.c.obj
[66/110] Building C object libsrc/scugic/src/CMakeFiles/scugic.dir/xscugic_intr.c.obj
[67/110] Building C object libsrc/scutimer/src/CMakeFiles/scutimer.dir/xscutimer.c.obj
[68/110] Building C object libsrc/gpio/src/CMakeFiles/gpio.dir/xgpio.c.obj
[69/110] Building C object libsrc/gpio/src/CMakeFiles/gpio.dir/xgpio_intr.c.obj
[70/110] Building C object libsrc/dmaps/src/CMakeFiles/dmaps.dir/xdmaps.c.obj
[71/110] Building C object libsrc/gpio/src/CMakeFiles/gpio.dir/xgpio_extra.c.obj
[72/110] Building C object libsrc/scugic/src/CMakeFiles/scugic.dir/xscugic_selftest.c.obj
[73/110] Building C object libsrc/scugic/src/CMakeFiles/scugic.dir/xscugic_hw.c.obj
[74/110] Building C object libsrc/scugic/src/CMakeFiles/scugic.dir/xscugic_sinit.c.obj
[75/110] Building C object libsrc/scugic/src/CMakeFiles/scugic.dir/xscugic.c.obj
[76/110] Building C object libsrc/scutimer/src/CMakeFiles/scutimer.dir/xscutimer_selftest.c.obj
[77/110] Building C object libsrc/scuwdt/src/CMakeFiles/scuwdt.dir/xscuwdt_g.c.obj
[78/110] Building C object libsrc/tmrctr/src/CMakeFiles/tmrctr.dir/xtmrctr_l.c.obj
[79/110] Building C object libsrc/scuwdt/src/CMakeFiles/scuwdt.dir/xscuwdt.c.obj[INFO]: Copying headers and built archives
[INFO]: Successfully built BSP. Generated libxil.a, libxilstandalone.a, libxiltimer.a

[80/110] Building C object libsrc/scuwdt/src/CMakeFiles/scuwdt.dir/xscuwdt_sinit.c.obj
[81/110] Building C object libsrc/tmrctr/src/CMakeFiles/tmrctr.dir/xtmrctr_g.c.obj
[82/110] Building C object libsrc/tmrctr/src/CMakeFiles/tmrctr.dir/xtmrctr_selftest.c.obj
[83/110] Building C object libsrc/scutimer/src/CMakeFiles/scutimer.dir/xscutimer_g.c.obj
[84/110] Building C object libsrc/scutimer/src/CMakeFiles/scutimer.dir/xscutimer_sinit.c.obj
[85/110] Building C object libsrc/tmrctr/src/CMakeFiles/tmrctr.dir/xtmrctr_options.c.obj
[86/110] Building C object libsrc/tmrctr/src/CMakeFiles/tmrctr.dir/xtmrctr_stats.c.obj
[87/110] Building C object libsrc/scuwdt/src/CMakeFiles/scuwdt.dir/xscuwdt_selftest.c.obj
[88/110] Building C object libsrc/tmrctr/src/CMakeFiles/tmrctr.dir/xtmrctr_sinit.c.obj
[89/110] Building C object libsrc/tmrctr/src/CMakeFiles/tmrctr.dir/xtmrctr.c.obj
[90/110] Building C object libsrc/tmrctr/src/CMakeFiles/tmrctr.dir/xtmrctr_intr.c.obj
[91/110] ========== BSP Build Information ==========

Compiler PATH: C:/AMDDesignTools/2026.1/Vitis/gnu/aarch32/nt/gcc-arm-none-eabi/bin/arm-none-eabi-gcc.exe

Compiler FLAGS:  -DSDT -mcpu=cortex-a9 -mfpu=vfpv3 -mfloat-abi=hard  -MMD -MP -specs=C:/Users/saull/
vitis/lesson10/platform1/ps7_cortexa9_0/standalone_ps7_cortexa9_0/bsp/Xilinx.spec -IC:/Users/saull/v
itis/lesson10/platform1/ps7_cortexa9_0/standalone_ps7_cortexa9_0/bsp/include  -O2 -g -Wall -Wextra -
fno-tree-loop-distribute-patterns -DNDEBUG

===========================================
** The above flags are BSP level flags. Increase verbosity to see component specific flags **
===========================================
[92/110] Linking C static library libsrc\coresightps_dcc\src\libcoresightps_dcc.a
[93/110] Linking C static library libsrc\standalone\src\libxilstandalone.a
[94/110] Linking C static library libsrc\gpio\src\libgpio.a
[95/110] Linking C static library libsrc\dmaps\src\libdmaps.a
[96/110] Linking C static library libsrc\scugic\src\libscugic.a
[97/110] Building C object libsrc/xadcps/src/CMakeFiles/xadcps.dir/xadcps_g.c.obj
[98/110] Building C object libsrc/xadcps/src/CMakeFiles/xadcps.dir/xadcps_sinit.c.obj
[99/110] Linking C static library libsrc\devcfg\src\libdevcfg.a
[100/110] Building C object libsrc/xadcps/src/CMakeFiles/xadcps.dir/xadcps_intr.c.obj
[101/110] Building C object libsrc/xiltimer/src/CMakeFiles/xiltimer.dir/core/default_timer/globaltimer_sleep_zynq.c.obj
[102/110] Building C object libsrc/xadcps/src/CMakeFiles/xadcps.dir/xadcps_selftest.c.obj
[103/110] Building C object libsrc/xiltimer/src/CMakeFiles/xiltimer.dir/xiltimer.c.obj
[104/110] Building C object libsrc/xadcps/src/CMakeFiles/xadcps.dir/xadcps.c.obj
[105/110] Linking C static library libsrc\scuwdt\src\libscuwdt.a
[106/110] Linking C static library libsrc\scutimer\src\libscutimer.a
[107/110] Linking C static library libsrc\tmrctr\src\libtmrctr.a
[108/110] Linking C static library libsrc\xadcps\src\libxadcps.a
[109/110] Linking C static library libsrc\xiltimer\src\libxiltimer.a
[110/110] Archiving C static library libsrc/build_configs/gen_bsp/libxil.a
[INFO]: Building BSP
[INFO]: Copying headers and built archives
[INFO]: Successfully built BSP. Generated libxil.a, libxilstandalone.a, libxiltimer.a
[1/2] Archiving C static library libsrc/build_configs/gen_bsp/libxil.a
[2/2] ========== BSP Build Information ==========

Compiler PATH: C:/AMDDesignTools/2026.1/Vitis/gnu/aarch32/nt/gcc-arm-none-eabi/bin/arm-none-eabi-gcc.exe

Compiler FLAGS:  -DSDT -mcpu=cortex-a9 -mfpu=vfpv3 -mfloat-abi=hard  -MMD -MP -specs=C:/Users/saull/
vitis/lesson10/platform1/ps7_cortexa9_0/standalone_ps7_cortexa9_0/bsp/Xilinx.spec -IC:/Users/saull/v
itis/lesson10/platform1/ps7_cortexa9_0/standalone_ps7_cortexa9_0/bsp/include  -O2 -g -Wall -Wextra -

fno-tree-loop-distribute-patterns -DNDEBUG


===========================================
** The above flags are BSP level flags. Increase verbosity to see component specific flags **
===========================================
