-- Configuring done (2.3s)
-- Generating done (1.0s)
-- Build files have been written to: C:/Users/saull/vitis/lesson10/platform1/zynq_fsbl/zynq_fsbl_bsp/libsrc/build_configs/gen_bsp
[INFO]: Building BSP
[1/116] Building C object libsrc/standalone/src/CMakeFiles/xilstandalone.dir/common/inbyte.c.obj
[2/116] Building C object libsrc/standalone/src/CMakeFiles/xilstandalone.dir/common/xil_testcache.c.obj
[3/116] Building C object libsrc/standalone/src/CMakeFiles/xilstandalone.dir/xcortexa9_g.c.obj
[4/116] Building C object libsrc/standalone/src/CMakeFiles/xilstandalone.dir/common/xpm_init.c.obj
[5/116] Building C object libsrc/standalone/src/CMakeFiles/xilstandalone.dir/common/intr/xinterrupt_wrap.c.obj
[6/116] Building C object libsrc/standalone/src/CMakeFiles/xilstandalone.dir/common/xplatform_info.c.obj
[7/116] Building C object libsrc/standalone/src/CMakeFiles/xilstandalone.dir/common/print.c.obj
[8/116] Building C object libsrc/standalone/src/CMakeFiles/xilstandalone.dir/common/xil_printf.c.obj
[9/116] Building C object libsrc/standalone/src/CMakeFiles/xilstandalone.dir/arm/common/gcc/cpputest_time.c.obj
[10/116] Building C object libsrc/standalone/src/CMakeFiles/xilstandalone.dir/arm/common/gcc/read.c.obj
[11/116] Building C object libsrc/standalone/src/CMakeFiles/xilstandalone.dir/common/xil_testio.c.obj
[12/116] Building C object libsrc/standalone/src/CMakeFiles/xilstandalone.dir/arm/common/gcc/unlink.c.obj
[13/116] Building C object libsrc/standalone/src/CMakeFiles/xilstandalone.dir/arm/common/gcc/_sbrk.c.obj
[14/116] Building C object libsrc/standalone/src/CMakeFiles/xilstandalone.dir/common/outbyte.c.obj
[15/116] Building C object libsrc/standalone/src/CMakeFiles/xilstandalone.dir/common/xil_assert.c.obj
[16/116] Building C object libsrc/standalone/src/CMakeFiles/xilstandalone.dir/arm/common/gcc/sbrk.c.obj
[17/116] Building C object libsrc/standalone/src/CMakeFiles/xilstandalone.dir/common/xil_mem.c.obj
[18/116] Building C object libsrc/standalone/src/CMakeFiles/xilstandalone.dir/arm/common/gcc/isatty.c.obj
[19/116] Building C object libsrc/standalone/src/CMakeFiles/xilstandalone.dir/common/xil_testmem.c.obj
[20/116] Building C object libsrc/standalone/src/CMakeFiles/xilstandalone.dir/common/xil_util.c.obj
[21/116] Building C object libsrc/standalone/src/CMakeFiles/xilstandalone.dir/common/xil_sutil.c.obj
[22/116] Building C object libsrc/standalone/src/CMakeFiles/xilstandalone.dir/arm/common/gcc/write.c.obj
[23/116] Building C object libsrc/standalone/src/CMakeFiles/xilstandalone.dir/arm/common/gcc/_exit.c.obj
[24/116] Building C object libsrc/standalone/src/CMakeFiles/xilstandalone.dir/arm/common/gcc/open.c.obj
[25/116] Building C object libsrc/standalone/src/CMakeFiles/xilstandalone.dir/arm/common/gcc/close.c.obj
[26/116] Building C object libsrc/standalone/src/CMakeFiles/xilstandalone.dir/arm/common/gcc/abort.c.obj
[27/116] Building C object libsrc/standalone/src/CMakeFiles/xilstandalone.dir/arm/common/gcc/errno.c.obj
[28/116] Building C object libsrc/standalone/src/CMakeFiles/xilstandalone.dir/arm/common/gcc/fcntl.c.obj
[29/116] Building C object libsrc/standalone/src/CMakeFiles/xilstandalone.dir/arm/common/gcc/_open.c.obj
[30/116] Building C object libsrc/standalone/src/CMakeFiles/xilstandalone.dir/arm/common/gcc/kill.c.obj
[31/116] Building C object libsrc/standalone/src/CMakeFiles/xilstandalone.dir/arm/common/gcc/fstat.c.obj
[32/116] Building C object libsrc/standalone/src/CMakeFiles/xilstandalone.dir/arm/common/gcc/gettimeofday.c.obj
[33/116] Building C object libsrc/standalone/src/CMakeFiles/xilstandalone.dir/arm/common/gcc/lseek.c.obj
[34/116] Building C object libsrc/standalone/src/CMakeFiles/xilstandalone.dir/arm/common/gcc/getentropy.c.obj
[35/116] Building C object libsrc/standalone/src/CMakeFiles/xilstandalone.dir/arm/common/gcc/getpid.c.obj
[36/116] Building ASM object libsrc/standalone/src/CMakeFiles/xilstandalone.dir/arm/cortexa9/gcc/asm_vectors.S.obj
[37/116] Building C object libsrc/standalone/src/CMakeFiles/xilstandalone.dir/arm/common/xil_spinlock.c.obj
[38/116] Building C object libsrc/standalone/src/CMakeFiles/xilstandalone.dir/arm/common/xil_exception.c.obj
[39/116] Building C object libsrc/standalone/src/CMakeFiles/xilstandalone.dir/arm/common/vectors.c.obj
[40/116] Building C object libsrc/standalone/src/CMakeFiles/xilstandalone.dir/arm/common/gcc/time.c.obj
[41/116] Building C object libsrc/standalone/src/CMakeFiles/xilstandalone.dir/arm/common/xpm_counter.c.obj
[42/116] Building C object libsrc/standalone/src/CMakeFiles/xilstandalone.dir/arm/common/putnum.c.obj
[43/116] Building C object libsrc/standalone/src/CMakeFiles/xilstandalone.dir/arm/cortexa9/xil_mmu.c.obj
[44/116] Building ASM object libsrc/standalone/src/CMakeFiles/xilstandalone.dir/arm/cortexa9/gcc/cpu_init.S.obj
[45/116] Building C object libsrc/standalone/src/CMakeFiles/xilstandalone.dir/arm/cortexa9/xil_misc_psreset_api.c.obj
[46/116] Building C object libsrc/standalone/src/CMakeFiles/xilstandalone.dir/arm/cortexa9/xl2cc_counter.c.obj
[47/116] Building ASM object libsrc/standalone/src/CMakeFiles/xilstandalone.dir/arm/cortexa9/gcc/xil-crt0.S.obj
[48/116] Building ASM object libsrc/standalone/src/CMakeFiles/xilstandalone.dir/arm/cortexa9/gcc/translation_table.S.obj
[49/116] Building ASM object libsrc/standalone/src/CMakeFiles/xilstandalone.dir/arm/cortexa9/gcc/boot.S.obj
[50/116] Building C object libsrc/coresightps_dcc/src/CMakeFiles/coresightps_dcc.dir/xcoresightpsdcc.c.obj
[51/116] Building C object libsrc/devcfg/src/CMakeFiles/devcfg.dir/xdevcfg_g.c.obj
[52/116] Building C object libsrc/devcfg/src/CMakeFiles/devcfg.dir/xdevcfg_selftest.c.obj
[53/116] Building C object libsrc/standalone/src/CMakeFiles/xilstandalone.dir/arm/cortexa9/xil_cache.c.obj
[54/116] Building C object libsrc/dmaps/src/CMakeFiles/dmaps.dir/xdmaps_g.c.obj
[55/116] Building C object libsrc/devcfg/src/CMakeFiles/devcfg.dir/xdevcfg_hw.c.obj
[56/116] Building C object libsrc/devcfg/src/CMakeFiles/devcfg.dir/xdevcfg_intr.c.obj
[57/116] Building C object libsrc/gpio/src/CMakeFiles/gpio.dir/xgpio.c.obj
[58/116] Building C object libsrc/devcfg/src/CMakeFiles/devcfg.dir/xdevcfg.c.obj
[59/116] Building C object libsrc/devcfg/src/CMakeFiles/devcfg.dir/xdevcfg_sinit.c.obj
[60/116] Building C object libsrc/dmaps/src/CMakeFiles/dmaps.dir/xdmaps_hw.c.obj
[61/116] Building C object libsrc/gpio/src/CMakeFiles/gpio.dir/xgpio_g.c.obj
[62/116] Building C object libsrc/dmaps/src/CMakeFiles/dmaps.dir/xdmaps_selftest.c.obj
[63/116] Building C object libsrc/dmaps/src/CMakeFiles/dmaps.dir/xdmaps_sinit.c.obj
C:/Users/saull/vitis/lesson10/platform1/zynq_fsbl/zynq_fsbl_bsp/libsrc/dmaps/src/xdmaps_sinit.c: In function 'XDmaPs_GetDrvIndex':
C:/Users/saull/vitis/lesson10/platform1/zynq_fsbl/zynq_fsbl_bsp/libsrc/dmaps/src/xdmaps_sinit.c:101:32: warning: unused parameter 'InstancePtr' [-Wunused-parameter]
  101 | u32 XDmaPs_GetDrvIndex(XDmaPs *InstancePtr, UINTPTR BaseAddress)
      |                        ~~~~~~~~^~~~~~~~~~~
[64/116] Building C object libsrc/dmaps/src/CMakeFiles/dmaps.dir/xdmaps.c.obj
[65/116] Building C object libsrc/gpio/src/CMakeFiles/gpio.dir/xgpio_extra.c.obj
[66/116] Building C object libsrc/scugic/src/CMakeFiles/scugic.dir/xscugic_g.c.obj
[67/116] Building C object libsrc/gpio/src/CMakeFiles/gpio.dir/xgpio_sinit.c.obj
[68/116] Building C object libsrc/gpio/src/CMakeFiles/gpio.dir/xgpio_intr.c.obj
[69/116] Building C object libsrc/gpio/src/CMakeFiles/gpio.dir/xgpio_selftest.c.obj
[70/116] Building C object libsrc/scugic/src/CMakeFiles/scugic.dir/xscugic_selftest.c.obj
[71/116] Building C object libsrc/scugic/src/CMakeFiles/scugic.dir/xscugic_hw.c.obj
[72/116] Building C object libsrc/scugic/src/CMakeFiles/scugic.dir/xscugic_sinit.c.obj
[73/116] Building C object libsrc/scuwdt/src/CMakeFiles/scuwdt.dir/xscuwdt.c.obj
[74/116] Building C object libsrc/scutimer/src/CMakeFiles/scutimer.dir/xscutimer_g.c.obj
[75/116] Building C object libsrc/scutimer/src/CMakeFiles/scutimer.dir/xscutimer.c.obj
[76/116] Building C object libsrc/scugic/src/CMakeFiles/scugic.dir/xscugic_intr.c.obj
[77/116] Building C object libsrc/scutimer/src/CMakeFiles/scutimer.dir/xscutimer_selftest.c.obj
[78/116] Building C object libsrc/scutimer/src/CMakeFiles/scutimer.dir/xscutimer_sinit.c.obj
[79/116] Building C object libsrc/scuwdt/src/CMakeFiles/scuwdt.dir/xscuwdt_selftest.c.obj[INFO]: Copying headers and built archives
[INFO]: Successfully built BSP. Generated libxil.a, libxilffs.a, libxilrsa.a, libxilstandalone.a, libxiltimer.a

[80/116] Linking C static library libsrc\coresightps_dcc\src\libcoresightps_dcc.a
[81/116] Building C object libsrc/scugic/src/CMakeFiles/scugic.dir/xscugic.c.obj
[82/116] Building C object libsrc/scuwdt/src/CMakeFiles/scuwdt.dir/xscuwdt_g.c.obj
[83/116] Building C object libsrc/tmrctr/src/CMakeFiles/tmrctr.dir/xtmrctr_g.c.obj
[84/116] Building C object libsrc/tmrctr/src/CMakeFiles/tmrctr.dir/xtmrctr_intr.c.obj
[85/116] Building C object libsrc/scuwdt/src/CMakeFiles/scuwdt.dir/xscuwdt_sinit.c.obj
[86/116] ========== BSP Build Information ==========

Compiler PATH: C:/AMDDesignTools/2026.1/Vitis/gnu/aarch32/nt/gcc-arm-none-eabi/bin/arm-none-eabi-gcc.exe

Compiler FLAGS:  -DSDT -mcpu=cortex-a9 -mfpu=vfpv3 -mfloat-abi=hard  -MMD -MP -specs=C:/Users/saull/
vitis/lesson10/platform1/zynq_fsbl/zynq_fsbl_bsp/Xilinx.spec -IC:/Users/saull/vitis/lesson10/platfor
m1/zynq_fsbl/zynq_fsbl_bsp/include  -O2 -g -Wall -Wextra -fno-tree-loop-distribute-patterns -DNDEBUG

===========================================
** The above flags are BSP level flags. Increase verbosity to see component specific flags **
===========================================
[87/116] Linking C static library libsrc\standalone\src\libxilstandalone.a
[88/116] Building C object libsrc/tmrctr/src/CMakeFiles/tmrctr.dir/xtmrctr.c.obj
[89/116] Building C object libsrc/tmrctr/src/CMakeFiles/tmrctr.dir/xtmrctr_selftest.c.obj
[90/116] Building C object libsrc/tmrctr/src/CMakeFiles/tmrctr.dir/xtmrctr_options.c.obj
[91/116] Linking C static library libsrc\devcfg\src\libdevcfg.a
[92/116] Building C object libsrc/xadcps/src/CMakeFiles/xadcps.dir/xadcps_intr.c.obj
[93/116] Linking C static library libsrc\dmaps\src\libdmaps.a
[94/116] Building C object libsrc/tmrctr/src/CMakeFiles/tmrctr.dir/xtmrctr_stats.c.obj
[95/116] Building C object libsrc/xadcps/src/CMakeFiles/xadcps.dir/xadcps_g.c.obj
[96/116] Building C object libsrc/tmrctr/src/CMakeFiles/tmrctr.dir/xtmrctr_l.c.obj
[97/116] Building C object libsrc/tmrctr/src/CMakeFiles/tmrctr.dir/xtmrctr_sinit.c.obj
[98/116] Linking C static library libsrc\gpio\src\libgpio.a
[99/116] Building C object libsrc/xadcps/src/CMakeFiles/xadcps.dir/xadcps_sinit.c.obj
[100/116] Building C object libsrc/xilffs/src/CMakeFiles/xilffs.dir/ffsystem.c.obj
[101/116] Building C object libsrc/xilffs/src/CMakeFiles/xilffs.dir/ff.c.obj
[102/116] Building C object libsrc/xiltimer/src/CMakeFiles/xiltimer.dir/xiltimer.c.obj
[103/116] Building C object libsrc/xadcps/src/CMakeFiles/xadcps.dir/xadcps_selftest.c.obj
[104/116] Building C object libsrc/xilffs/src/CMakeFiles/xilffs.dir/diskio.c.obj
[105/116] Building C object libsrc/xiltimer/src/CMakeFiles/xiltimer.dir/core/default_timer/globaltimer_sleep_zynq.c.obj
[106/116] Building C object libsrc/xilffs/src/CMakeFiles/xilffs.dir/ffunicode.c.obj
[107/116] Building C object libsrc/xadcps/src/CMakeFiles/xadcps.dir/xadcps.c.obj
[108/116] Linking C static library libsrc\scutimer\src\libscutimer.a
[109/116] Linking C static library libsrc\scugic\src\libscugic.a
[110/116] Linking C static library libsrc\xilrsa\src\libxilrsa.a
[111/116] Linking C static library libsrc\scuwdt\src\libscuwdt.a
[112/116] Linking C static library libsrc\xiltimer\src\libxiltimer.a
[113/116] Linking C static library libsrc\tmrctr\src\libtmrctr.a
[114/116] Linking C static library libsrc\xilffs\src\libxilffs.a
[115/116] Linking C static library libsrc\xadcps\src\libxadcps.a
[116/116] Archiving C static library libsrc/build_configs/gen_bsp/libxil.a
[INFO]: Building BSP
[INFO]: Copying headers and built archives
[INFO]: Successfully built BSP. Generated libxil.a, libxilffs.a, libxilrsa.a, libxilstandalone.a, libxiltimer.a
[1/2] Archiving C static library libsrc/build_configs/gen_bsp/libxil.a
[2/2] ========== BSP Build Information ==========

Compiler PATH: C:/AMDDesignTools/2026.1/Vitis/gnu/aarch32/nt/gcc-arm-none-eabi/bin/arm-none-eabi-gcc.exe

Compiler FLAGS:  -DSDT -mcpu=cortex-a9 -mfpu=vfpv3 -mfloat-abi=hard  -MMD -MP -specs=C:/Users/saull/
vitis/lesson10/platform1/zynq_fsbl/zynq_fsbl_bsp/Xilinx.spec -IC:/Users/saull/vitis/lesson10/platfor
m1/zynq_fsbl/zynq_fsbl_bsp/include  -O2 -g -Wall -Wextra -fno-tree-loop-distribute-patterns -DNDEBUG


===========================================
** The above flags are BSP level flags. Increase verbosity to see component specific flags **
===========================================
